
CMSSW on Condor

started at Thu Dec 15 14:19:03 CST 2011

parameter set:
CONDOR_CLUSTER: 240872
CONDOR_PROCESS: 0
CMSSW_DIR: /uscms_data/d2/iraklich/Zgamma/CMSSW_4_2_0
RUN_DIR: /uscms_data/d2/iraklich/Zgamma/CMSSW_3_8_4_1/src/ElectroWeakAnalysis/MultiBosons/bin/MACROS/test/myMinexam
PARAMETER_SET: output_data.txt
NUM_EVENTS_PER_JOB: 

Writing final parameter-set: batch_240872_0.py to RUN_DIR: /uscms_data/d2/iraklich/Zgamma/CMSSW_3_8_4_1/src/ElectroWeakAnalysis/MultiBosons/bin/MACROS/test/myMinexam

run: myMinexam > batch_240872_0.log 2>&1\n

finished at Thu Dec 15 14:27:32 CST 2011
