
CMSSW on Condor

started at Sun Nov  6 14:17:23 CST 2011

parameter set:
CONDOR_CLUSTER: 342095
CONDOR_PROCESS: 0
CMSSW_DIR: /uscms_data/d2/iraklich/Zgamma/CMSSW_4_2_0
RUN_DIR: /uscms_data/d2/iraklich/Zgamma/CMSSW_3_8_4_1/src/ElectroWeakAnalysis/MultiBosons/bin/MACROS/test/myMinexam
PARAMETER_SET: output_Mu.txt
NUM_EVENTS_PER_JOB: 

Writing final parameter-set: batch_342095_0.py to RUN_DIR: /uscms_data/d2/iraklich/Zgamma/CMSSW_3_8_4_1/src/ElectroWeakAnalysis/MultiBosons/bin/MACROS/test/myMinexam

run: myMinexam > batch_342095_0.log 2>&1\n

finished at Sun Nov  6 16:58:20 CST 2011
