
CMSSW on Condor

started at Fri Nov  4 11:30:17 CDT 2011

parameter set:
CONDOR_CLUSTER: 166135
CONDOR_PROCESS: 0
CMSSW_DIR: /uscms_data/d2/iraklich/Zgamma/CMSSW_4_2_0
RUN_DIR: /uscms_data/d2/iraklich/Zgamma/CMSSW_3_8_4_1/src/ElectroWeakAnalysis/MultiBosons/bin/MACROS/test/myMinexam
PARAMETER_SET: output_Mu.txt
NUM_EVENTS_PER_JOB: 

Writing final parameter-set: batch_166135_0.py to RUN_DIR: /uscms_data/d2/iraklich/Zgamma/CMSSW_3_8_4_1/src/ElectroWeakAnalysis/MultiBosons/bin/MACROS/test/myMinexam

run: myMinexam > batch_166135_0.log 2>&1\n

finished at Fri Nov  4 12:04:42 CDT 2011
